
> bakugan-battle-planet-online@0.1.0 build
> bash scripts/build-verified.sh

Running bounded vinext build...

  vinext build  (Vite 8.0.13)

(node:2228) [DEP0040] DeprecationWarning: The `punycode` module is deprecated. Please use a userland alternative instead.
(Use `node --trace-deprecation ...` to show where the warning was created)
[34m[1/5] analyze client references...[39m
[2Ktransforming...(node:2228) ExperimentalWarning: glob is an experimental feature and might change at any time
✓ 188 modules transformed.
rendering chunks...
[32m✓ built in 1.16s[39m
[34m[2/5] analyze server references...[39m
[2Ktransforming...✓ 165 modules transformed.
rendering chunks...
[32m✓ built in 855ms[39m
[34m[3/5] build rsc environment...[39m
[2Ktransforming...✓ 194 modules transformed.
rendering chunks...
computing gzip size...
[32m✓ built in 992ms[39m
[34m[4/5] build client environment...[39m
[2Ktransforming...✓ 172 modules transformed.
rendering chunks...
computing gzip size...
[32m✓ built in 968ms[39m
[34m[5/5] build ssr environment...[39m
[2Ktransforming...✓ 171 modules transformed.
rendering chunks...
computing gzip size...
[32m✓ built in 763ms[39m
[0m
  Route (app)
  ┌ ? /               
  ├ ƒ /:screen+       
  ├ λ /api/auth       
  ├ λ /api/game       
  ├ λ /api/rulings    
  ├ λ /api/rum        
  ├ λ /api/user-data  
  ├ ? /game-screen-lab
  └ ? /offline        

  λ API  ƒ Dynamic  ? Unknown

  ? Some routes could not be classified. vinext currently uses static analysis
    and cannot detect dynamic API usage (headers(), cookies(), etc.) at build time.
    Automatic classification will be improved in a future release.

  Build complete. Run `vinext start` to start the production server.

Validated Sites artifact: ESM Worker default.fetch and hosting manifest are present.
