
> bakugan-battle-planet-online@0.1.0 test:engine
> node --import tsx --test tests/engine-architecture.test.ts tests/rules-engine-modernization.test.ts tests/game-engine.test.ts

TAP version 13
# Subtest: canonicalJson is stable across object key order
ok 1 - canonicalJson is stable across object key order
  ---
  duration_ms: 0.855937
  ...
# Subtest: the deterministic reducer produces identical state and events
ok 2 - the deterministic reducer produces identical state and events
  ---
  duration_ms: 7.177926
  ...
# Subtest: replaying the same command ID is idempotent
ok 3 - replaying the same command ID is idempotent
  ---
  duration_ms: 1.40642
  ...
# Subtest: a command ID cannot be reused for a different request
ok 4 - a command ID cannot be reused for a different request
  ---
  duration_ms: 1.598722
  ...
# Subtest: phase-specific commands are rejected by the state machine
ok 5 - phase-specific commands are rejected by the state machine
  ---
  duration_ms: 0.619653
  ...
# Subtest: private engine metadata and server events are not projected to clients
ok 6 - private engine metadata and server events are not projected to clients
  ---
  duration_ms: 0.648338
  ...
# Subtest: legacy phases have a structured modern projection
ok 7 - legacy phases have a structured modern projection
  ---
  duration_ms: 0.124033
  ...
# Subtest: the complete supplied Battle Planet catalogue is normalized and playable
ok 8 - the complete supplied Battle Planet catalogue is normalized and playable
  ---
  duration_ms: 2.973523
  ...
# Subtest: the Hide Matrix is a radius-three axial hex and placement remains connected
ok 9 - the Hide Matrix is a radius-three axial hex and placement remains connected
  ---
  duration_ms: 17.01262
  ...
# Subtest: separate copies of the same BakuCore catalogue entry can both be placed
ok 10 - separate copies of the same BakuCore catalogue entry can both be placed
  ---
  duration_ms: 2.617815
  ...
# Subtest: the full turn enters Draw/Energize, Selection, pre-roll priority, target and Power
ok 11 - the full turn enters Draw/Energize, Selection, pre-roll priority, target and Power
  ---
  duration_ms: 13.856735
  ...
# Subtest: priority is retained, the batch is LIFO, and an Action resolves only after sequential passes
ok 12 - priority is retained, the batch is LIFO, and an Action resolves only after sequential passes
  ---
  duration_ms: 17.830516
  ...
# Subtest: Hero, Evo, Action, Flip and X-cost cards expose typed announcement and payment paths
ok 13 - Hero, Evo, Action, Flip and X-cost cards expose typed announcement and payment paths
  ---
  duration_ms: 18.403733
  ...
# Subtest: B-Power ties use Energy-cost flips and the Victor Step precedes sequential damage
ok 14 - B-Power ties use Energy-cost flips and the Victor Step precedes sequential damage
  ---
  duration_ms: 12.792939
  ...
# Subtest: damage Flips enter the batch, open a response window, and Stop ends damage only on resolution
ok 15 - damage Flips enter the batch, open a response window, and Stop ends damage only on resolution
  ---
  duration_ms: 18.187476
  ...
# Subtest: a Team Attack combines open Bakugan, then all attackers retract
ok 16 - a Team Attack combines open Bakugan, then all attackers retract
  ---
  duration_ms: 18.573662
  ...
# Subtest: the End Phase charges Energy, enforces seven cards, and begins the next Start Phase
ok 17 - the End Phase charges Energy, enforces seven cards, and begins the next Start Phase
  ---
  duration_ms: 16.729619
  ...
# Subtest: best-of-three creates a fully reset second game
ok 18 - best-of-three creates a fully reset second game
  ---
  duration_ms: 14.197645
  ...
# Subtest: the reviewed typed catalogue covers every Battle Planet card exactly
ok 19 - the reviewed typed catalogue covers every Battle Planet card exactly
  ---
  duration_ms: 2.163913
  ...
# Subtest: unknown or modified card text is rejected rather than resolving partially
ok 20 - unknown or modified card text is rejected rather than resolving partially
  ---
  duration_ms: 0.616147
  ...
# Subtest: instead clauses are single typed replacement branches, not additive actions
ok 21 - instead clauses are single typed replacement branches, not additive actions
  ---
  duration_ms: 0.4478
  ...
# Subtest: rule objects are serializable resumable objects with stable definition identity
ok 22 - rule objects are serializable resumable objects with stable definition identity
  ---
  duration_ms: 4.978788
  ...
# Subtest: continuous layers apply ShadowStrike as negative-modifier filtering
ok 23 - continuous layers apply ShadowStrike as negative-modifier filtering
  ---
  duration_ms: 13.998541
  ...
# Subtest: active FrostStrike from the layered modifier system increases Flip costs
ok 24 - active FrostStrike from the layered modifier system increases Flip costs
  ---
  duration_ms: 1.728825
  ...
# Subtest: opponent-caused declarative triggers create typed rule objects
ok 25 - opponent-caused declarative triggers create typed rule objects
  ---
  duration_ms: 1.726071
  ...
# Subtest: choice timing is explicit for announce, pay, and resolve
ok 26 - choice timing is explicit for announce, pay, and resolve
  ---
  duration_ms: 2.223775
  ...
# Subtest: additional costs are separate from spell effects
ok 27 - additional costs are separate from spell effects
  ---
  duration_ms: 0.480412
  ...
# Subtest: Evo targeting uses canonical Character identity rather than display names
ok 28 - Evo targeting uses canonical Character identity rather than display names
  ---
  duration_ms: 1.519934
  ...
# Subtest: the game reducer has no card-resolution compatibility adapter
ok 29 - the game reducer has no card-resolution compatibility adapter
  ---
  duration_ms: 17.180305
  ...
1..29
# tests 29
# suites 0
# pass 29
# fail 0
# cancelled 0
# skipped 0
# todo 0
# duration_ms 1383.757406
